// Jest Snapshot v1, https://goo.gl/fbAQLP

exports[`<CityCard /> matches snapshot 1`] = `
<body>
  <div>
    <div
      class="MuiPaper-root MuiPaper-elevation MuiPaper-rounded MuiPaper-elevation1 MuiCard-root css-pwngrv-MuiPaper-root-MuiCard-root"
    >
      <div
        class="MuiCardContent-root css-46bh2p-MuiCardContent-root"
      >
        <h5
          class="MuiTypography-root MuiTypography-h5 css-ag7rrr-MuiTypography-root"
        >
          London
        </h5>
        <p
          class="MuiTypography-root MuiTypography-body1 css-1pnmrwp-MuiTypography-root"
        >
          Cloudy
        </p>
        <p
          class="MuiTypography-root MuiTypography-body2 css-r40f8v-MuiTypography-root"
        >
          Temp: 12
        </p>
        <p
          class="MuiTypography-root MuiTypography-body2 css-r40f8v-MuiTypography-root"
        >
          Feels like: 13
        </p>
      </div>
      <div
        class="MuiCardActions-root MuiCardActions-spacing css-dnrpxu-MuiCardActions-root"
      >
        <button
          aria-label="delete"
          class="MuiButtonBase-root MuiIconButton-root MuiIconButton-sizeMedium css-78trlr-MuiButtonBase-root-MuiIconButton-root"
          data-testid="delete_button"
          tabindex="0"
          type="button"
        >
          <svg
            aria-hidden="true"
            class="MuiSvgIcon-root MuiSvgIcon-fontSizeMedium css-i4bv87-MuiSvgIcon-root"
            data-testid="DeleteIcon"
            focusable="false"
            viewBox="0 0 24 24"
          >
            <path
              d="M6 19c0 1.1.9 2 2 2h8c1.1 0 2-.9 2-2V7H6zM19 4h-3.5l-1-1h-5l-1 1H5v2h14z"
            />
          </svg>
          <span
            class="MuiTouchRipple-root css-8je8zh-MuiTouchRipple-root"
          />
        </button>
        <button
          aria-label="reload"
          class="MuiButtonBase-root MuiIconButton-root MuiIconButton-sizeMedium css-78trlr-MuiButtonBase-root-MuiIconButton-root"
          data-testid="reload_button"
          tabindex="0"
          type="button"
        >
          <svg
            aria-hidden="true"
            class="MuiSvgIcon-root MuiSvgIcon-fontSizeMedium css-i4bv87-MuiSvgIcon-root"
            data-testid="RefreshIcon"
            focusable="false"
            viewBox="0 0 24 24"
          >
            <path
              d="M17.65 6.35C16.2 4.9 14.21 4 12 4c-4.42 0-7.99 3.58-7.99 8s3.57 8 7.99 8c3.73 0 6.84-2.55 7.73-6h-2.08c-.82 2.33-3.04 4-5.65 4-3.31 0-6-2.69-6-6s2.69-6 6-6c1.66 0 3.14.69 4.22 1.78L13 11h7V4z"
            />
          </svg>
          <span
            class="MuiTouchRipple-root css-8je8zh-MuiTouchRipple-root"
          />
        </button>
      </div>
    </div>
  </div>
</body>
`;
